
> backend@1.0.0 dev
> nodemon app.js

[33m[nodemon] 2.0.22[39m
[33m[nodemon] to restart at any time, enter `rs`[39m
[33m[nodemon] watching path(s): *.*[39m
[33m[nodemon] watching extensions: js,mjs,json[39m
[32m[nodemon] starting `node app.js`[39m
Server is listening on http://localhost:5000
MongoDB Connected to localhost
[0mGET / [32m200[0m 10.505 ms - 12[0m
[0mGET /favicon.ico [33m404[0m 4.048 ms - 150[0m
[0mGET / [36m304[0m 1.676 ms - -[0m
[0mGET / [36m304[0m 0.887 ms - -[0m
[0mGET / [36m304[0m 0.588 ms - -[0m
[0mGET / [36m304[0m 0.609 ms - -[0m
[0mGET / [36m304[0m 0.514 ms - -[0m
[0mGET / [36m304[0m 0.652 ms - -[0m
[0mGET / [36m304[0m 0.802 ms - -[0m
[0mGET / [36m304[0m 1.324 ms - -[0m
[0mGET / [36m304[0m 0.518 ms - -[0m
[0mGET / [36m304[0m 0.375 ms - -[0m
[0mGET / [36m304[0m 0.460 ms - -[0m
[0mGET / [36m304[0m 0.483 ms - -[0m
[0mGET / [36m304[0m 0.390 ms - -[0m
[0mGET / [36m304[0m 0.314 ms - -[0m
[0mGET / [36m304[0m 0.448 ms - -[0m
[0mGET / [36m304[0m 0.332 ms - -[0m
[0mGET / [36m304[0m 0.386 ms - -[0m
[0mGET / [32m200[0m 0.687 ms - 12[0m
69f996fbb997f401db2f5ff6 all 7 null null
[0mPOST /api/v1/getTransaction [32m200[0m 55.494 ms - 34[0m
[0mPOST /api/auth/setAvatar/69f996fbb997f401db2f5ff6 [32m200[0m 11.968 ms - 87[0m
69f996fbb997f401db2f5ff6 all 7 null null
[0mPOST /api/v1/getTransaction [32m200[0m 8.223 ms - 34[0m
[0mPOST /api/auth/setAvatar/69f996fbb997f401db2f5ff6 [32m200[0m 2.805 ms - 92[0m
69f996fbb997f401db2f5ff6 all 7 null null
[0mPOST /api/v1/getTransaction [32m200[0m 9.819 ms - 34[0m
[0mPOST /api/auth/setAvatar/69f996fbb997f401db2f5ff6 [32m200[0m 4.005 ms - 90[0m
69f996fbb997f401db2f5ff6 all 7 null null
[0mPOST /api/v1/getTransaction [32m200[0m 11.151 ms - 34[0m
69f996fbb997f401db2f5ff6 expense 7 null null
[0mPOST /api/v1/getTransaction [32m200[0m 23.793 ms - 34[0m
69f996fbb997f401db2f5ff6 credit 7 null null
[0mPOST /api/v1/getTransaction [32m200[0m 6.481 ms - 34[0m
[0mPOST /api/auth/setAvatar/69f996fbb997f401db2f5ff6 [32m200[0m 5.136 ms - 80[0m
69f996fbb997f401db2f5ff6 all 7 null null
[0mPOST /api/v1/getTransaction [32m200[0m 10.185 ms - 34[0m
[0mPOST /api/auth/setAvatar/69f996fbb997f401db2f5ff6 [32m200[0m 7.465 ms - 90[0m
69f996fbb997f401db2f5ff6 all 7 null null
[0mPOST /api/v1/getTransaction [32m200[0m 15.484 ms - 34[0m
69f996fbb997f401db2f5ff6 all 7 null null
[0mPOST /api/v1/getTransaction [32m200[0m 11.468 ms - 34[0m
69f996fbb997f401db2f5ff6 all 7 null null
[0mPOST /api/v1/getTransaction [32m200[0m 18.204 ms - 34[0m
[0mPOST /api/auth/login [32m200[0m 1033.269 ms - 1973[0m
69f9894b7c34b97c11120949 all 7 null null
[0mPOST /api/v1/getTransaction [32m200[0m 14.063 ms - 1591[0m
[0mPOST /api/auth/setAvatar/69f9894b7c34b97c11120949 [32m200[0m 7.041 ms - 85[0m
69f9894b7c34b97c11120949 all 7 null null
[0mPOST /api/v1/getTransaction [32m200[0m 15.244 ms - 1591[0m
69f9894b7c34b97c11120949 all 7 null null
[0mPOST /api/v1/getTransaction [32m200[0m 23.800 ms - 1591[0m
[0mPOST /api/auth/setAvatar/69f9894b7c34b97c11120949 [32m200[0m 5.677 ms - 89[0m
69f9894b7c34b97c11120949 all 7 null null
[0mPOST /api/v1/getTransaction [32m200[0m 23.223 ms - 1591[0m
69f9894b7c34b97c11120949 all 7 null null
[0mPOST /api/v1/getTransaction [32m200[0m 24.186 ms - 1591[0m
[32m[nodemon] restarting due to changes...[39m
[32m[nodemon] restarting due to changes...[39m
[32m[nodemon] starting `node app.js`[39m
Server is listening on http://localhost:5000
MongoDB Connected to localhost
69f9894b7c34b97c11120949 all 7 null null
69f9894b7c34b97c11120949 all 7 null null
[0mPOST /api/v1/getTransaction [32m200[0m 78.053 ms - 1591[0m
[0mPOST /api/v1/getTransaction [32m200[0m 33.737 ms - 1591[0m
69f9894b7c34b97c11120949 all 30 null null
[0mPOST /api/v1/getTransaction [32m200[0m 9.520 ms - 1591[0m
69f9894b7c34b97c11120949 all 30 null null
[0mPOST /api/v1/getTransaction [32m200[0m 10.769 ms - 1591[0m
69f9894b7c34b97c11120949 all 30 null null
[0mPOST /api/v1/getTransaction [32m200[0m 5.254 ms - 1591[0m
69f9894b7c34b97c11120949 all 30 null null
[0mPOST /api/v1/getTransaction [32m200[0m 8.617 ms - 1591[0m
69f9894b7c34b97c11120949 all 30 null null
[0mPOST /api/v1/getTransaction [32m200[0m 4.770 ms - 1591[0m
69f9894b7c34b97c11120949 all 30 null null
[0mPOST /api/v1/getTransaction [32m200[0m 8.477 ms - 1591[0m
69f9894b7c34b97c11120949 all 30 null null
[0mPOST /api/v1/getTransaction [32m200[0m 4.743 ms - 1591[0m
69f9894b7c34b97c11120949 all 365 null null
[0mPOST /api/v1/getTransaction [32m200[0m 22.477 ms - 1591[0m
69f9894b7c34b97c11120949 all 7 null null
[0mPOST /api/v1/getTransaction [32m200[0m 12.155 ms - 1591[0m
69f9894b7c34b97c11120949 expense 7 null null
[0mPOST /api/v1/getTransaction [32m200[0m 13.646 ms - 1331[0m
69f9894b7c34b97c11120949 credit 7 null null
[0mPOST /api/v1/getTransaction [32m200[0m 12.873 ms - 293[0m
69f9894b7c34b97c11120949 credit 365 null null
[0mPOST /api/v1/getTransaction [32m200[0m 11.761 ms - 293[0m
69f9894b7c34b97c11120949 all 365 null null
[0mPOST /api/v1/getTransaction [32m200[0m 9.820 ms - 1591[0m
[0mPOST /api/v1/addTransaction [32m200[0m 35.488 ms - 59[0m
69f9894b7c34b97c11120949 all 365 null null
[0mPOST /api/v1/getTransaction [32m200[0m 11.397 ms - 1844[0m
[0mPOST /api/v1/addTransaction [32m200[0m 5.675 ms - 59[0m
69f9894b7c34b97c11120949 all 365 null null
[0mPOST /api/v1/getTransaction [32m200[0m 7.237 ms - 2092[0m
69f9894b7c34b97c11120949 expense 365 null null
[0mPOST /api/v1/getTransaction [32m200[0m 10.566 ms - 1832[0m
69f9894b7c34b97c11120949 credit 365 null null
[0mPOST /api/v1/getTransaction [32m200[0m 31.987 ms - 293[0m
69f9894b7c34b97c11120949 all 365 null null
[0mPOST /api/v1/getTransaction [32m200[0m 10.131 ms - 2092[0m
[0mPOST /api/auth/login [32m200[0m 1899.928 ms - 2478[0m
69f9894b7c34b97c11120949 all 7 null null
[0mPOST /api/v1/getTransaction [32m200[0m 63.488 ms - 2092[0m
69f9894b7c34b97c11120949 all 7 null null
[0mPOST /api/v1/getTransaction [32m200[0m 7.639 ms - 2092[0m
69f9894b7c34b97c11120949 all 7 null null
[0mPOST /api/v1/getTransaction [32m200[0m 8.781 ms - 2092[0m
[0mPOST /api/auth/login [32m200[0m 868.358 ms - 2478[0m
69f9894b7c34b97c11120949 all 7 null null
[0mPOST /api/v1/getTransaction [32m200[0m 10.377 ms - 2092[0m
[32m[nodemon] restarting due to changes...[39m
[32m[nodemon] restarting due to changes...[39m
[32m[nodemon] starting `node app.js`[39m
Server is listening on http://localhost:5000
MongoDB Connected to localhost
[0mPOST /api/auth/forgotPassword [33m400[0m 11.493 ms - 65[0m
[0mPOST /api/auth/forgotPassword [32m200[0m 114.497 ms - 72[0m
[0mPOST /api/auth/login [32m200[0m 96.334 ms - 2478[0m
69f9894b7c34b97c11120949 all 7 null null
[0mPOST /api/v1/getTransaction [32m200[0m 11.566 ms - 2092[0m
69f9894b7c34b97c11120949 all 7 null null
[0mPOST /api/v1/getTransaction [32m200[0m 7.188 ms - 2092[0m
69f9894b7c34b97c11120949 all 7 null null
[0mPOST /api/v1/getTransaction [32m200[0m 5.386 ms - 2092[0m
69f9894b7c34b97c11120949 all 365 null null
[0mPOST /api/v1/getTransaction [32m200[0m 16.661 ms - 2092[0m
69f9894b7c34b97c11120949 all 90 null null
[0mPOST /api/v1/getTransaction [32m200[0m 13.894 ms - 2092[0m
69f9894b7c34b97c11120949 all 7 null null
[0mPOST /api/v1/getTransaction [32m200[0m 72.907 ms - 2092[0m
69f9894b7c34b97c11120949 all 365 null null
[0mPOST /api/v1/getTransaction [32m200[0m 6.739 ms - 2092[0m
69f9894b7c34b97c11120949 all 7 null null
[0mPOST /api/v1/getTransaction [32m200[0m 6.059 ms - 2092[0m
69f9894b7c34b97c11120949 all 365 null null
[0mPOST /api/v1/getTransaction [32m200[0m 12.665 ms - 2092[0m
69f9894b7c34b97c11120949 all 7 null null
[0mPOST /api/v1/getTransaction [32m200[0m 13.767 ms - 2092[0m
69f9894b7c34b97c11120949 all 365 null null
[0mPOST /api/v1/getTransaction [32m200[0m 12.619 ms - 2092[0m
69f9894b7c34b97c11120949 all 7 null null
[0mPOST /api/v1/getTransaction [32m200[0m 8.839 ms - 2092[0m
69f9894b7c34b97c11120949 expense 7 null null
[0mPOST /api/v1/getTransaction [32m200[0m 13.560 ms - 1832[0m
69f9894b7c34b97c11120949 all 7 null null
[0mPOST /api/v1/getTransaction [32m200[0m 13.338 ms - 2092[0m
69f9894b7c34b97c11120949 all 7 null null
[0mPOST /api/v1/getTransaction [32m200[0m 13.219 ms - 2092[0m
69f9894b7c34b97c11120949 all 7 null null
[0mPOST /api/v1/getTransaction [32m200[0m 22.030 ms - 2092[0m
69f9894b7c34b97c11120949 all 365 null null
[0mPOST /api/v1/getTransaction [32m200[0m 19.054 ms - 2092[0m
69f9894b7c34b97c11120949 all 7 null null
[0mPOST /api/v1/getTransaction [32m200[0m 20.261 ms - 2092[0m
69f9894b7c34b97c11120949 all 365 null null
[0mPOST /api/v1/getTransaction [32m200[0m 13.423 ms - 2092[0m
69f9894b7c34b97c11120949 all 365 null null
[0mPOST /api/v1/getTransaction [32m200[0m 47.274 ms - 2092[0m
69f9894b7c34b97c11120949 all 7 null null
[0mPOST /api/v1/getTransaction [32m200[0m 25.287 ms - 2092[0m
69f9894b7c34b97c11120949 all 7 null null
[0mPOST /api/v1/getTransaction [32m200[0m 13.869 ms - 2092[0m
69f9894b7c34b97c11120949 all 365 null null
[0mPOST /api/v1/getTransaction [32m200[0m 17.007 ms - 2092[0m
69f9894b7c34b97c11120949 all 7 null null
[0mPOST /api/v1/getTransaction [32m200[0m 12.503 ms - 2092[0m
69f9894b7c34b97c11120949 all 365 null null
[0mPOST /api/v1/getTransaction [32m200[0m 7.554 ms - 2092[0m
69f9894b7c34b97c11120949 all 7 null null
[0mPOST /api/v1/getTransaction [32m200[0m 8.422 ms - 2092[0m
69f9894b7c34b97c11120949 all 365 null null
[0mPOST /api/v1/getTransaction [32m200[0m 13.750 ms - 2092[0m
69f9894b7c34b97c11120949 all 7 null null
[0mPOST /api/v1/getTransaction [32m200[0m 8.443 ms - 2092[0m
[0mPOST /api/auth/forgotPassword [32m200[0m 317.985 ms - 72[0m
[0mPOST /api/auth/login [32m200[0m 229.698 ms - 2478[0m
69f9894b7c34b97c11120949 all 7 null null
[0mPOST /api/v1/getTransaction [32m200[0m 8.747 ms - 2092[0m
69f9894b7c34b97c11120949 all 365 null null
[0mPOST /api/v1/getTransaction [32m200[0m 25.748 ms - 2092[0m
69f9894b7c34b97c11120949 all 7 null null
[0mPOST /api/v1/getTransaction [32m200[0m 52.520 ms - 2092[0m
69f9894b7c34b97c11120949 expense 7 null null
[0mPOST /api/v1/getTransaction [32m200[0m 4.707 ms - 1832[0m
69f9894b7c34b97c11120949 credit 7 null null
[0mPOST /api/v1/getTransaction [32m200[0m 7.878 ms - 293[0m
69f9894b7c34b97c11120949 all 7 null null
[0mPOST /api/v1/getTransaction [32m200[0m 7.887 ms - 2092[0m
69f9894b7c34b97c11120949 all 365 null null
[0mPOST /api/v1/getTransaction [32m200[0m 24.279 ms - 2092[0m
69f9894b7c34b97c11120949 all 7 null null
[0mPOST /api/v1/getTransaction [32m200[0m 5.919 ms - 2092[0m
